[Bootstrap]
SetupTitle=Install
SetupText=Copying Files, please stand by.
CabFile=SubnetCalculator.CAB
Spawn=Setup1.exe
Uninstal=st6unst.exe
TmpDir=msftqws.pdw
Cabs=1

[Bootstrap Files]
File1=@VB6STKIT.DLL,$(WinSysPathSysFile),,,5/31/99 11:00:00 PM,101888,6.0.84.50
File2=@COMCAT.DLL,$(WinSysPathSysFile),$(DLLSelfRegister),,5/30/98 11:00:00 PM,22288,4.71.1460.1
File3=@STDOLE2.TLB,$(WinSysPathSysFile),$(TLBRegister),,6/2/99 11:00:00 PM,17920,2.40.4275.1
File4=@ASYCFILT.DLL,$(WinSysPathSysFile),,,3/7/99 11:00:00 PM,147728,2.40.4275.1
File5=@OLEPRO32.DLL,$(WinSysPathSysFile),$(DLLSelfRegister),,3/7/99 11:00:00 PM,164112,5.0.4275.1
File6=@OLEAUT32.DLL,$(WinSysPathSysFile),$(DLLSelfRegister),,4/11/00 11:00:00 PM,598288,2.40.4275.1
File7=@msvbvm60.dll,$(WinSysPathSysFile),$(DLLSelfRegister),,12/12/00 12:54:20 AM,1388544,6.0.88.77

[IconGroups]
Group0=Subnet Calculator
PrivateGroup0=-1
Parent0=$(Programs)

[Subnet Calculator]
Icon1="SubnetCalculator.exe"
Title1=Subnet Calculator
StartIn1=$(AppPath)

[Setup]
Title=Subnet Calculator
DefaultDir=$(ProgramFiles)\Subnet Calculator
AppExe=SubnetCalculator.exe
AppToUninstall=SubnetCalculator.exe

[Setup1 Files]
File1=@LICENSE.txt,$(AppPath),,,1/25/03 1:28:54 PM,1648,0.0.0.0
File2=@NonRoutable.htm,$(AppPath),,,1/3/03 5:30:20 PM,882,0.0.0.0
File3=@SK_Small_Logo.bmp,$(AppPath)\Help\images,,,12/27/02 10:24:16 PM,13674,0.0.0.0
File4=@SK_GreyBackGround.jpg,$(AppPath)\Help\images,,,1/30/02 6:43:02 PM,4348,0.0.0.0
File5=@IP_AddressClasses.htm,$(AppPath)\Help\html,,,1/25/03 4:11:46 PM,2853,0.0.0.0
File6=@BooleanFunctions.htm,$(AppPath)\Help\html,,,1/25/03 4:11:46 PM,11284,0.0.0.0
File7=@SubnetMasks.htm,$(AppPath)\Help\html,,,1/25/03 6:30:16 PM,9995,0.0.0.0
File8=@Introduction.htm,$(AppPath)\Help\html,,,1/25/03 3:59:42 PM,954,0.0.0.0
File9=@HowSubnetMasksAreUsed.htm,$(AppPath)\Help\html,,,1/3/03 4:47:28 PM,1803,0.0.0.0
File10=@Index.hhk,$(AppPath)\Help,,,12/28/02 5:55:40 PM,203,0.0.0.0
File11=@help.hhp,$(AppPath)\Help,,,12/29/02 1:48:36 AM,287,0.0.0.0
File12=@Table of Contents.hhc,$(AppPath)\Help,,,1/3/03 5:31:54 PM,1360,0.0.0.0
File13=@hh.exe,$(WinSysPath),,$(Shared),11/26/02 2:23:36 PM,10752,5.2.3644.0
File14=@itircl.dll,$(WinSysPath),$(DLLSelfRegister),$(Shared),9/11/02 9:58:22 AM,143872,5.2.3644.0
File15=@itss.dll,$(WinSysPath),$(DLLSelfRegister),$(Shared),9/11/02 9:58:22 AM,122368,5.2.3644.0
File16=@hhctrl.ocx,$(WinSysPath),$(DLLSelfRegister),$(Shared),11/26/02 2:23:20 PM,513632,5.2.3718.0
File17=@help.chm,$(AppPath)\Help,,,1/25/03 4:11:58 PM,19315,0.0.0.0
File18=@MSCOMCTL.OCX,$(WinSysPath),$(DLLSelfRegister),$(Shared),6/6/02 9:12:59 AM,1077344,6.1.95.45
File19=@msvcrt.dll,$(WinSysPathSysFile),,,7/22/02 11:05:04 AM,290869,6.1.9359.0
File20=@scrrun.dll,$(WinSysPath),$(DLLSelfRegister),$(Shared),6/26/01 5:06:58 PM,147512,5.6.0.6626
File21=@msstdfmt.dll,$(WinSysPath),$(DLLSelfRegister),$(Shared),12/3/00 3:02:01 PM,118784,6.0.88.77
File22=@SubnetCalculator.exe,$(AppPath),,,1/31/03 1:25:52 PM,458752,1.0.0.30

; The following lines may be deleted in order to obtain extra 
; space for customizing this file on a full installation diskette.
; 
; XXXXXXXXXXXXXXXXXXXXXXXXXXXXXXXXXXXXXXXXXXXXXXXXXXXXXXXXXXXX
; XXXXXXXXXXXXXXXXXXXXXXXXXXXXXXXXXXXXXXXXXXXXXXXXXXXXXXXXXXXX
; XXXXXXXXXXXXXXXXXXXXXXXXXXXXXXXXXXXXXXXXXXXXXXXXXXXXXXXXXXXX
; XXXXXXXXXXXXXXXXXXXXXXXXXXXXXXXXXXXXXXXXXXXXXXXXXXXXXXXXXXXX
; XXXXXXXXXXXXXXXXXXXXXXXXXXXXXXXXXXXXXXXXXXXXXXXXXXXXXXXXXXXX
; XXXXXXXXXXXXXXXXXXXXXXXXXXXXXXXXXXXXXXXXXXXXXXXXXXXXXXXXXXXX
; XXXXXXXXXXXXXXXXXXXXXXXXXXXXXXXXXXXXXXXXXXXXXXXXXXXXXXXXXXXX
; XXXXXXXXXXXXXXXXXXXXXXXXXXXXXXXXXXXXXXXXXXXXXXXXXXXXXXXXXXXX
; XXXXXXXXXXXXXXXXXXXXXXXXXXXXXXXXXXXXXXXXXXXXXXXXXXXXXXXXXXXX
; XXXXXXXXXXXXXXXXXXXXXXXXXXXXXXXXXXXXXXXXXXXXXXXXXXXXXXXXXXXX
; XXXXXXXXXXXXXXXXXXXXXXXXXXXXXXXXXXXXXXXXXXXXXXXXXXXXXXXXXXXX
; XXXXXXXXXXXXXXXXXXXXXXXXXXXXXXXXXXXXXXXXXXXXXXXXXXXXXXXXXXXX
; XXXXXXXXXXXXXXXXXXXXXXXXXXXXXXXXXXXXXXXXXXXXXXXXXXXXXXXXXXXX
; XXXXXXXXXXXXXXXXXXXXXXXXXXXXXXXXXXXXXXXXXXXXXXXXXXXXXXXXXXXX
; XXXXXXXXXXXXXXXXXXXXXXXXXXXXXXXXXXXXXXXXXXXXXXXXXXXXXXXXXXXX
; XXXXXXXXXXXXXXXXXXXXXXXXXXXXXXXXXXXXXXXXXXXXXXXXXXXXXXXXXXXX
; XXXXXXXXXXXXXXXXXXXXXXXXXXXXXXXXXXXXXXXXXXXXXXXXXXXXXXXXXXXX
; XXXXXXXXXXXXXXXXXXXXXXXXXXXXXXXXXXXXXXXXXXXXXXXXXXXXXXXXXXXX
; XXXXXXXXXXXXXXXXXXXXXXXXXXXXXXXXXXXXXXXXXXXXXXXXXXXXXXXXXXXX
; XXXXXXXXXXXXXXXXXXXXXXXXXXXXXXXXXXXXXXXXXXXXXXXXXXXXXXXXXXXX
; XXXXXXXXXXXXXXXXXXXXXXXXXXXXXXXXXXXXXXXXXXXXXXXXXXXXXXXXXXXX
; XXXXXXXXXXXXXXXXXXXXXXXXXXXXXXXXXXXXXXXXXXXXXXXXXXXXXXXXXXXX
; XXXXXXXXXXXXXXXXXXXXXXXXXXXXXXXXXXXXXXXXXXXXXXXXXXXXXXXXXXXX
; XXXXXXXXXXXXXXXXXXXXXXXXXXXXXXXXXXXXXXXXXXXXXXXXXXXXXXXXXXXX
; XXXXXXXXXXXXXXXXXXXXXXXXXXXXXXXXXXXXXXXXXXXXXXXXXXXXXXXXXXXX
; XXXXXXXXXXXXXXXXXXXXXXXXXXXXXXXXXXXXXXXXXXXXXXXXXXXXXXXXXXXX
; XXXXXXXXXXXXXXXXXXXXXXXXXXXXXXXXXXXXXXXXXXXXXXXXXXXXXXXXXXXX
; XXXXXXXXXXXXXXXXXXXXXXXXXXXXXXXXXXXXXXXXXXXXXXXXXXXXXXXXXXXX
; XXXXXXXXXXXXXXXXXXXXXXXXXXXXXXXXXXXXXXXXXXXXXXXXXXXXXXXXXXXX
; XXXXXXXXXXXXXXXXXXXXXXXXXXXXXXXXXXXXXXXXXXXXXXXXXXXXXXXXXXXX
; XXXXXXXXXXXXXXXXXXXXXXXXXXXXXXXXXXXXXXXXXXXXXXXXXXXXXXXXXXXX
; XXXXXXXXXXXXXXXXXXXXXXXXXXXXXXXXXXXXXXXXXXXXXXXXXXXXXXXXXXXX
; XXXXXXXXXXXXXXXXXXXXXXXXXXXXXXXXXXXXXXXXXXXXXXXXXXXXXXXXXXXX
; XXXXXXXXXXXXXXXXXXXXXXXXXXXXXXXXXXXXXXXXXXXXXXXXXXXXXXXXXXXX
; XXXXXXXXXXXXXXXXXXXXXXXXXXXXXXXXXXXXXXXXXXXXXXXXXXXXXXXXXXXX
